2026-06-20 13:36:52,384 - INFO - Loading 8 zones...
2026-06-20 13:36:52,385 - INFO - Loading ERCOT_zone_1_ from ERCOT_zone_1_.csv
2026-06-20 13:36:52,477 - INFO -   rows=50000, features=11
2026-06-20 13:36:52,477 - INFO - Loading ERCOT_zone_2_ from ERCOT_zone_2_.csv
2026-06-20 13:36:52,565 - INFO -   rows=50000, features=11
2026-06-20 13:36:52,565 - INFO - Loading ERCOT_zone_3_ from ERCOT_zone_3_.csv
2026-06-20 13:36:52,645 - INFO -   rows=50000, features=11
2026-06-20 13:36:52,645 - INFO - Loading ERCOT_zone_4_ from ERCOT_zone_4_.csv
2026-06-20 13:36:52,728 - INFO -   rows=50000, features=11
2026-06-20 13:36:52,728 - INFO - Loading MISO_zone_1_ from MISO_zone_1_.csv
2026-06-20 13:36:52,810 - INFO -   rows=50000, features=11
2026-06-20 13:36:52,811 - INFO - Loading MISO_zone_2_ from MISO_zone_2_.csv
2026-06-20 13:36:52,894 - INFO -   rows=50000, features=11
2026-06-20 13:36:52,894 - INFO - Loading MISO_zone_3_ from MISO_zone_3_.csv
2026-06-20 13:36:52,978 - INFO -   rows=50000, features=11
2026-06-20 13:36:52,978 - INFO - Loading MISO_zone_4_ from MISO_zone_4_.csv
2026-06-20 13:36:53,062 - INFO -   rows=50000, features=11
2026-06-20 13:36:53,086 - INFO - Train: 105 batches, Val: 27 batches
2026-06-20 13:36:55,310 - INFO - Model: 0.2M params
2026-06-20 13:36:58,803 - INFO - Epoch   1 | Val RMSE=0.0923 (best=0.0923)
2026-06-20 13:37:17,070 - INFO - Epoch  10 | Val RMSE=0.0794 (best=0.0792)
2026-06-20 13:37:37,400 - INFO - Epoch  20 | Val RMSE=0.0806 (best=0.0761)
2026-06-20 13:37:57,652 - INFO - Epoch  30 | Val RMSE=0.0784 (best=0.0738)
2026-06-20 13:38:17,979 - INFO - Epoch  40 | Val RMSE=0.0749 (best=0.0738)
2026-06-20 13:38:38,330 - INFO - Epoch  50 | Val RMSE=0.0753 (best=0.0738)
2026-06-20 13:38:38,331 - INFO - Done. Best RMSE=0.0738
