2026-06-20 13:36:52,270 - INFO - Loading 8 zones...
2026-06-20 13:36:52,270 - INFO - Loading ERCOT_zone_1_ from ERCOT_zone_1_.csv
2026-06-20 13:36:52,364 - INFO -   rows=50000, features=11
2026-06-20 13:36:52,364 - INFO - Loading ERCOT_zone_2_ from ERCOT_zone_2_.csv
2026-06-20 13:36:52,451 - INFO -   rows=50000, features=11
2026-06-20 13:36:52,451 - INFO - Loading ERCOT_zone_3_ from ERCOT_zone_3_.csv
2026-06-20 13:36:52,532 - INFO -   rows=50000, features=11
2026-06-20 13:36:52,532 - INFO - Loading ERCOT_zone_4_ from ERCOT_zone_4_.csv
2026-06-20 13:36:52,616 - INFO -   rows=50000, features=11
2026-06-20 13:36:52,616 - INFO - Loading MISO_zone_1_ from MISO_zone_1_.csv
2026-06-20 13:36:52,699 - INFO -   rows=50000, features=11
2026-06-20 13:36:52,699 - INFO - Loading MISO_zone_2_ from MISO_zone_2_.csv
2026-06-20 13:36:52,783 - INFO -   rows=50000, features=11
2026-06-20 13:36:52,784 - INFO - Loading MISO_zone_3_ from MISO_zone_3_.csv
2026-06-20 13:36:52,868 - INFO -   rows=50000, features=11
2026-06-20 13:36:52,868 - INFO - Loading MISO_zone_4_ from MISO_zone_4_.csv
2026-06-20 13:36:52,952 - INFO -   rows=50000, features=11
2026-06-20 13:36:52,974 - INFO - Train: 105 batches, Val: 27 batches
2026-06-20 13:36:54,901 - INFO - Model: 0.2M params
2026-06-20 13:36:58,005 - INFO - Epoch   1 | Val RMSE=0.0821 (best=0.0821)
2026-06-20 13:37:16,207 - INFO - Epoch  10 | Val RMSE=0.0783 (best=0.0755)
2026-06-20 13:37:36,522 - INFO - Epoch  20 | Val RMSE=0.0763 (best=0.0738)
2026-06-20 13:37:56,772 - INFO - Epoch  30 | Val RMSE=0.0785 (best=0.0736)
2026-06-20 13:38:17,034 - INFO - Epoch  40 | Val RMSE=0.0809 (best=0.0736)
2026-06-20 13:38:37,333 - INFO - Epoch  50 | Val RMSE=0.0801 (best=0.0736)
2026-06-20 13:38:37,333 - INFO - Done. Best RMSE=0.0736
