2026-06-20 13:36:52,295 - INFO - Loading 8 zones...
2026-06-20 13:36:52,295 - INFO - Loading ERCOT_zone_1_ from ERCOT_zone_1_.csv
2026-06-20 13:36:52,388 - INFO -   rows=50000, features=11
2026-06-20 13:36:52,388 - INFO - Loading ERCOT_zone_2_ from ERCOT_zone_2_.csv
2026-06-20 13:36:52,478 - INFO -   rows=50000, features=11
2026-06-20 13:36:52,478 - INFO - Loading ERCOT_zone_3_ from ERCOT_zone_3_.csv
2026-06-20 13:36:52,559 - INFO -   rows=50000, features=11
2026-06-20 13:36:52,559 - INFO - Loading ERCOT_zone_4_ from ERCOT_zone_4_.csv
2026-06-20 13:36:52,643 - INFO -   rows=50000, features=11
2026-06-20 13:36:52,643 - INFO - Loading MISO_zone_1_ from MISO_zone_1_.csv
2026-06-20 13:36:52,727 - INFO -   rows=50000, features=11
2026-06-20 13:36:52,727 - INFO - Loading MISO_zone_2_ from MISO_zone_2_.csv
2026-06-20 13:36:52,808 - INFO -   rows=50000, features=11
2026-06-20 13:36:52,808 - INFO - Loading MISO_zone_3_ from MISO_zone_3_.csv
2026-06-20 13:36:52,891 - INFO -   rows=50000, features=11
2026-06-20 13:36:52,892 - INFO - Loading MISO_zone_4_ from MISO_zone_4_.csv
2026-06-20 13:36:52,975 - INFO -   rows=50000, features=11
2026-06-20 13:36:53,000 - INFO - Train: 105 batches, Val: 27 batches
2026-06-20 13:36:55,333 - INFO - Model: 2.4M params
2026-06-20 13:37:02,034 - INFO - Epoch   1 | Val RMSE=0.1004 (best=0.1004)
2026-06-20 13:37:49,441 - INFO - Epoch  10 | Val RMSE=0.0656 (best=0.0656)
2026-06-20 13:38:42,102 - INFO - Epoch  20 | Val RMSE=0.0614 (best=0.0614)
2026-06-20 13:39:34,808 - INFO - Epoch  30 | Val RMSE=0.0582 (best=0.0582)
2026-06-20 13:40:27,414 - INFO - Epoch  40 | Val RMSE=0.0610 (best=0.0582)
2026-06-20 13:41:20,081 - INFO - Epoch  50 | Val RMSE=0.0614 (best=0.0582)
2026-06-20 13:41:20,081 - INFO - Done. Best RMSE=0.0582
